../Core/Src/bootloader.c:55:11:BL_FeatchHostCommand	16	static
../Core/Src/bootloader.c:130:6:BL_PrintMessage	112	static
../Core/Src/bootloader.c:146:13:Bootloader_Get_Version	32	static
../Core/Src/bootloader.c:178:13:Bootloader_Get_Help	24	static
../Core/Src/bootloader.c:208:13:Bootloader_Get_Chip_Identification_Number	32	static
../Core/Src/bootloader.c:237:13:Bootloader_Read_Protection_Level	16	static
../Core/Src/bootloader.c:242:13:Bootloader_Jump_To_Address	40	static
../Core/Src/bootloader.c:283:13:Bootloader_Erase_Flash	32	static
../Core/Src/bootloader.c:318:13:Bootloader_Memory_Write	32	static
../Core/Src/bootloader.c:370:13:Bootloader_Enable_RW_Protection	16	static
../Core/Src/bootloader.c:374:13:Bootloader_Memory_Read	16	static
../Core/Src/bootloader.c:378:13:Bootloader_Get_Sector_Protection_Status	16	static
../Core/Src/bootloader.c:382:13:Bootloader_Read_OTP	16	static
../Core/Src/bootloader.c:386:13:Bootloader_Change_Read_Protection_Level	16	static
../Core/Src/bootloader.c:393:7:Bootloader_Jump_To_Application	24	static,ignoring_inline_asm
../Core/Src/bootloader.c:412:16:Bootloader_CRC_Verify	40	static
../Core/Src/bootloader.c:439:13:Bootloader_Send_ACK	24	static
../Core/Src/bootloader.c:450:13:Bootloader_Send_NACK	16	static
../Core/Src/bootloader.c:455:6:Bootloader_Send_Data_To_Host	16	static
../Core/Src/bootloader.c:465:16:Host_Address_Verification	24	static
../Core/Src/bootloader.c:491:9:Perform_Flash_Erase	40	static
../Core/Src/bootloader.c:550:16:FlashMemory_Payload_Write	48	static
