Archive member included to satisfy reference by file (symbol)

c:/st/stm32cubeide_1.12.0/stm32cubeide/plugins/com.st.stm32cube.ide.mcu.externaltools.gnu-tools-for-stm32.10.3-2021.10.win32_1.0.200.202301161003/tools/bin/../lib/gcc/arm-none-eabi/10.3.1/../../../../arm-none-eabi/lib/thumb/v7-m/nofp\libc_nano.a(lib_a-errno.o)
                              ./Core/Src/syscalls.o (__errno)
c:/st/stm32cubeide_1.12.0/stm32cubeide/plugins/com.st.stm32cube.ide.mcu.externaltools.gnu-tools-for-stm32.10.3-2021.10.win32_1.0.200.202301161003/tools/bin/../lib/gcc/arm-none-eabi/10.3.1/../../../../arm-none-eabi/lib/thumb/v7-m/nofp\libc_nano.a(lib_a-exit.o)
                              c:/st/stm32cubeide_1.12.0/stm32cubeide/plugins/com.st.stm32cube.ide.mcu.externaltools.gnu-tools-for-stm32.10.3-2021.10.win32_1.0.200.202301161003/tools/bin/../lib/gcc/arm-none-eabi/10.3.1/../../../../arm-none-eabi/lib/thumb/v7-m/nofp/crt0.o (exit)
c:/st/stm32cubeide_1.12.0/stm32cubeide/plugins/com.st.stm32cube.ide.mcu.externaltools.gnu-tools-for-stm32.10.3-2021.10.win32_1.0.200.202301161003/tools/bin/../lib/gcc/arm-none-eabi/10.3.1/../../../../arm-none-eabi/lib/thumb/v7-m/nofp\libc_nano.a(lib_a-impure.o)
                              c:/st/stm32cubeide_1.12.0/stm32cubeide/plugins/com.st.stm32cube.ide.mcu.externaltools.gnu-tools-for-stm32.10.3-2021.10.win32_1.0.200.202301161003/tools/bin/../lib/gcc/arm-none-eabi/10.3.1/../../../../arm-none-eabi/lib/thumb/v7-m/nofp\libc_nano.a(lib_a-exit.o) (_global_impure_ptr)
c:/st/stm32cubeide_1.12.0/stm32cubeide/plugins/com.st.stm32cube.ide.mcu.externaltools.gnu-tools-for-stm32.10.3-2021.10.win32_1.0.200.202301161003/tools/bin/../lib/gcc/arm-none-eabi/10.3.1/../../../../arm-none-eabi/lib/thumb/v7-m/nofp\libc_nano.a(lib_a-init.o)
                              c:/st/stm32cubeide_1.12.0/stm32cubeide/plugins/com.st.stm32cube.ide.mcu.externaltools.gnu-tools-for-stm32.10.3-2021.10.win32_1.0.200.202301161003/tools/bin/../lib/gcc/arm-none-eabi/10.3.1/../../../../arm-none-eabi/lib/thumb/v7-m/nofp/crt0.o (__libc_init_array)
c:/st/stm32cubeide_1.12.0/stm32cubeide/plugins/com.st.stm32cube.ide.mcu.externaltools.gnu-tools-for-stm32.10.3-2021.10.win32_1.0.200.202301161003/tools/bin/../lib/gcc/arm-none-eabi/10.3.1/../../../../arm-none-eabi/lib/thumb/v7-m/nofp\libc_nano.a(lib_a-memset.o)
                              c:/st/stm32cubeide_1.12.0/stm32cubeide/plugins/com.st.stm32cube.ide.mcu.externaltools.gnu-tools-for-stm32.10.3-2021.10.win32_1.0.200.202301161003/tools/bin/../lib/gcc/arm-none-eabi/10.3.1/../../../../arm-none-eabi/lib/thumb/v7-m/nofp/crt0.o (memset)
c:/st/stm32cubeide_1.12.0/stm32cubeide/plugins/com.st.stm32cube.ide.mcu.externaltools.gnu-tools-for-stm32.10.3-2021.10.win32_1.0.200.202301161003/tools/bin/../lib/gcc/arm-none-eabi/10.3.1/../../../../arm-none-eabi/lib/thumb/v7-m/nofp\libc_nano.a(lib_a-vsprintf.o)
                              ./Core/Src/bootloader.o (vsprintf)
c:/st/stm32cubeide_1.12.0/stm32cubeide/plugins/com.st.stm32cube.ide.mcu.externaltools.gnu-tools-for-stm32.10.3-2021.10.win32_1.0.200.202301161003/tools/bin/../lib/gcc/arm-none-eabi/10.3.1/../../../../arm-none-eabi/lib/thumb/v7-m/nofp\libc_nano.a(lib_a-nano-svfprintf.o)
                              c:/st/stm32cubeide_1.12.0/stm32cubeide/plugins/com.st.stm32cube.ide.mcu.externaltools.gnu-tools-for-stm32.10.3-2021.10.win32_1.0.200.202301161003/tools/bin/../lib/gcc/arm-none-eabi/10.3.1/../../../../arm-none-eabi/lib/thumb/v7-m/nofp\libc_nano.a(lib_a-vsprintf.o) (_svfprintf_r)
c:/st/stm32cubeide_1.12.0/stm32cubeide/plugins/com.st.stm32cube.ide.mcu.externaltools.gnu-tools-for-stm32.10.3-2021.10.win32_1.0.200.202301161003/tools/bin/../lib/gcc/arm-none-eabi/10.3.1/../../../../arm-none-eabi/lib/thumb/v7-m/nofp\libc_nano.a(lib_a-nano-vfprintf_i.o)
                              c:/st/stm32cubeide_1.12.0/stm32cubeide/plugins/com.st.stm32cube.ide.mcu.externaltools.gnu-tools-for-stm32.10.3-2021.10.win32_1.0.200.202301161003/tools/bin/../lib/gcc/arm-none-eabi/10.3.1/../../../../arm-none-eabi/lib/thumb/v7-m/nofp\libc_nano.a(lib_a-nano-svfprintf.o) (_printf_i)
c:/st/stm32cubeide_1.12.0/stm32cubeide/plugins/com.st.stm32cube.ide.mcu.externaltools.gnu-tools-for-stm32.10.3-2021.10.win32_1.0.200.202301161003/tools/bin/../lib/gcc/arm-none-eabi/10.3.1/../../../../arm-none-eabi/lib/thumb/v7-m/nofp\libc_nano.a(lib_a-memchr-stub.o)
                              c:/st/stm32cubeide_1.12.0/stm32cubeide/plugins/com.st.stm32cube.ide.mcu.externaltools.gnu-tools-for-stm32.10.3-2021.10.win32_1.0.200.202301161003/tools/bin/../lib/gcc/arm-none-eabi/10.3.1/../../../../arm-none-eabi/lib/thumb/v7-m/nofp\libc_nano.a(lib_a-nano-svfprintf.o) (memchr)
c:/st/stm32cubeide_1.12.0/stm32cubeide/plugins/com.st.stm32cube.ide.mcu.externaltools.gnu-tools-for-stm32.10.3-2021.10.win32_1.0.200.202301161003/tools/bin/../lib/gcc/arm-none-eabi/10.3.1/../../../../arm-none-eabi/lib/thumb/v7-m/nofp\libc_nano.a(lib_a-memcpy-stub.o)
[...]
Memory Configuration

Name             Origin             Length             Attributes
RAM              0x0000000020000000 0x0000000000005000 xrw
FLASH            0x0000000008000000 0x0000000000010000 xr
*default*        0x0000000000000000 0xffffffffffffffff

Linker script and memory map

LOAD c:/st/stm32cubeide_1.12.0/stm32cubeide/plugins/com.st.stm32cube.ide.mcu.externaltools.gnu-tools-for-stm32.10.3-2021.10.win32_1.0.200.202301161003/tools/bin/../lib/gcc/arm-none-eabi/10.3.1/thumb/v7-m/nofp/crti.o
LOAD c:/st/stm32cubeide_1.12.0/stm32cubeide/plugins/com.st.stm32cube.ide.mcu.externaltools.gnu-tools-for-stm32.10.3-2021.10.win32_1.0.200.202301161003/tools/bin/../lib/gcc/arm-none-eabi/10.3.1/thumb/v7-m/nofp/crtbegin.o
LOAD c:/st/stm32cubeide_1.12.0/stm32cubeide/plugins/com.st.stm32cube.ide.mcu.externaltools.gnu-tools-for-stm32.10.3-2021.10.win32_1.0.200.202301161003/tools/bin/../lib/gcc/arm-none-eabi/10.3.1/../../../../arm-none-eabi/lib/thumb/v7-m/nofp/crt0.o
LOAD ./Core/Src/bootloader.o
LOAD ./Core/Src/crc.o
LOAD ./Core/Src/gpio.o
LOAD ./Core/Src/main.o
LOAD ./Core/Src/stm32f1xx_hal_msp.o
LOAD ./Core/Src/stm32f1xx_it.o
LOAD ./Core/Src/syscalls.o
LOAD ./Core/Src/sysmem.o
LOAD ./Core/Src/system_stm32f1xx.o
LOAD ./Core/Src/usart.o
LOAD ./Core/Startup/startup_stm32f103c8tx.o
LOAD ./Drivers/STM32F1xx_HAL_Driver/Src/stm32f1xx_hal.o
LOAD ./Drivers/STM32F1xx_HAL_Driver/Src/stm32f1xx_hal_cortex.o
LOAD ./Drivers/STM32F1xx_HAL_Driver/Src/stm32f1xx_hal_crc.o
LOAD ./Drivers/STM32F1xx_HAL_Driver/Src/stm32f1xx_hal_dma.o
LOAD ./Drivers/STM32F1xx_HAL_Driver/Src/stm32f1xx_hal_exti.o
LOAD ./Drivers/STM32F1xx_HAL_Driver/Src/stm32f1xx_hal_flash.o
LOAD ./Drivers/STM32F1xx_HAL_Driver/Src/stm32f1xx_hal_flash_ex.o
LOAD ./Drivers/STM32F1xx_HAL_Driver/Src/stm32f1xx_hal_gpio.o
LOAD ./Drivers/STM32F1xx_HAL_Driver/Src/stm32f1xx_hal_gpio_ex.o
LOAD ./Drivers/STM32F1xx_HAL_Driver/Src/stm32f1xx_hal_pwr.o
LOAD ./Drivers/STM32F1xx_HAL_Driver/Src/stm32f1xx_hal_rcc.o
LOAD ./Drivers/STM32F1xx_HAL_Driver/Src/stm32f1xx_hal_rcc_ex.o
LOAD ./Drivers/STM32F1xx_HAL_Driver/Src/stm32f1xx_hal_uart.o
START GROUP
LOAD c:/st/stm32cubeide_1.12.0/stm32cubeide/plugins/com.st.stm32cube.ide.mcu.externaltools.gnu-tools-for-stm32.10.3-2021.10.win32_1.0.200.202301161003/tools/bin/../lib/gcc/arm-none-eabi/10.3.1/../../../../arm-none-eabi/lib/thumb/v7-m/nofp\libc_nano.a
LOAD c:/st/stm32cubeide_1.12.0/stm32cubeide/plugins/com.st.stm32cube.ide.mcu.externaltools.gnu-tools-for-stm32.10.3-2021.10.win32_1.0.200.202301161003/tools/bin/../lib/gcc/arm-none-eabi/10.3.1/../../../../arm-none-eabi/lib/thumb/v7-m/nofp\libm.a
END GROUP
START GROUP
LOAD c:/st/stm32cubeide_1.12.0/stm32cubeide/plugins/com.st.stm32cube.ide.mcu.externaltools.gnu-tools-for-stm32.10.3-2021.10.win32_1.0.200.202301161003/tools/bin/../lib/gcc/arm-none-eabi/10.3.1/thumb/v7-m/nofp\libgcc.a
LOAD c:/st/stm32cubeide_1.12.0/stm32cubeide/plugins/com.st.stm32cube.ide.mcu.externaltools.gnu-tools-for-stm32.10.3-2021.10.win32_1.0.200.202301161003/tools/bin/../lib/gcc/arm-none-eabi/10.3.1/../../../../arm-none-eabi/lib/thumb/v7-m/nofp\libc_nano.a
END GROUP
START GROUP
LOAD c:/st/stm32cubeide_1.12.0/stm32cubeide/plugins/com.st.stm32cube.ide.mcu.externaltools.gnu-tools-for-stm32.10.3-2021.10.win32_1.0.200.202301161003/tools/bin/../lib/gcc/arm-none-eabi/10.3.1/thumb/v7-m/nofp\libgcc.a
LOAD c:/st/stm32cubeide_1.12.0/stm32cubeide/plugins/com.st.stm32cube.ide.mcu.externaltools.gnu-tools-for-stm32.10.3-2021.10.win32_1.0.200.202301161003/tools/bin/../lib/gcc/arm-none-eabi/10.3.1/../../../../arm-none-eabi/lib/thumb/v7-m/nofp\libc_nano.a
LOAD c:/st/stm32cubeide_1.12.0/stm32cubeide/plugins/com.st.stm32cube.ide.mcu.externaltools.gnu-tools-for-stm32.10.3-2021.10.win32_1.0.200.202301161003/tools/bin/../lib/gcc/arm-none-eabi/10.3.1/../../../../arm-none-eabi/lib/thumb/v7-m/nofp\libnosys.a
END GROUP
START GROUP
LOAD c:/st/stm32cubeide_1.12.0/stm32cubeide/plugins/com.st.stm32cube.ide.mcu.externaltools.gnu-tools-for-stm32.10.3-2021.10.win32_1.0.200.202301161003/tools/bin/../lib/gcc/arm-none-eabi/10.3.1/thumb/v7-m/nofp\libgcc.a
LOAD c:/st/stm32cubeide_1.12.0/stm32cubeide/plugins/com.st.stm32cube.ide.mcu.externaltools.gnu-tools-for-stm32.10.3-2021.10.win32_1.0.200.202301161003/tools/bin/../lib/gcc/arm-none-eabi/10.3.1/../../../../arm-none-eabi/lib/thumb/v7-m/nofp\libc_nano.a
LOAD c:/st/stm32cubeide_1.12.0/stm32cubeide/plugins/com.st.stm32cube.ide.mcu.externaltools.gnu-tools-for-stm32.10.3-2021.10.win32_1.0.200.202301161003/tools/bin/../lib/gcc/arm-none-eabi/10.3.1/../../../../arm-none-eabi/lib/thumb/v7-m/nofp\libnosys.a
END GROUP
LOAD c:/st/stm32cubeide_1.12.0/stm32cubeide/plugins/com.st.stm32cube.ide.mcu.externaltools.gnu-tools-for-stm32.10.3-2021.10.win32_1.0.200.202301161003/tools/bin/../lib/gcc/arm-none-eabi/10.3.1/thumb/v7-m/nofp/crtend.o
LOAD c:/st/stm32cubeide_1.12.0/stm32cubeide/plugins/com.st.stm32cube.ide.mcu.externaltools.gnu-tools-for-stm32.10.3-2021.10.win32_1.0.200.202301161003/tools/bin/../lib/gcc/arm-none-eabi/10.3.1/thumb/v7-m/nofp/crtn.o
                0x0000000020005000                _estack = (ORIGIN (RAM) + LENGTH (RAM))
                0x0000000000000200                _Min_Heap_Size = 0x200
                0x0000000000000400                _Min_Stack_Size = 0x400

.isr_vector     0x0000000008000000      0x10c
                0x0000000008000000                . = ALIGN (0x4)
 *(.isr_vector)
 .isr_vector    0x0000000008000000      0x10c ./Core/Startup/startup_stm32f103c8tx.o
                0x0000000008000000                g_pfnVectors
                0x000000000800010c                . = ALIGN (0x4)

.text           0x000000000800010c     0x25b4
                0x000000000800010c                . = ALIGN (0x4)
 *(.text)
 .text          0x000000000800010c       0x40 c:/st/stm32cubeide_1.12.0/stm32cubeide/plugins/com.st.stm32cube.ide.mcu.externaltools.gnu-tools-for-stm32.10.3-2021.10.win32_1.0.200.202301161003/tools/bin/../lib/gcc/arm-none-eabi/10.3.1/thumb/v7-m/nofp/crtbegin.o
 *(.text*)
 .text.BL_FeatchHostCommand
                0x000000000800014c      0x138 ./Core/Src/bootloader.o
                0x000000000800014c                BL_FeatchHostCommand
 .text.Bootloader_Get_Version
                0x0000000008000284       0x64 ./Core/Src/bootloader.o
 .text.Bootloader_Get_Help
                0x00000000080002e8       0x5c ./Core/Src/bootloader.o
 .text.Bootloader_Get_Chip_Identification_Number
                0x0000000008000344       0x70 ./Core/Src/bootloader.o
 .text.Bootloader_Read_Protection_Level
                0x00000000080003b4       0x12 ./Core/Src/bootloader.o
 .text.Bootloader_Jump_To_Address
                0x00000000080003c6       0x92 ./Core/Src/bootloader.o
 .text.Bootloader_Erase_Flash
                0x0000000008000458       0x8c ./Core/Src/bootloader.o
 .text.Bootloader_Memory_Write
                0x00000000080004e4       0xc0 ./Core/Src/bootloader.o
 .text.Bootloader_Enable_RW_Protection
                0x00000000080005a4       0x12 ./Core/Src/bootloader.o
 .text.Bootloader_Memory_Read
                0x00000000080005b6       0x12 ./Core/Src/bootloader.o
 .text.Bootloader_Get_Sector_Protection_Status
                0x00000000080005c8       0x12 ./Core/Src/bootloader.o
 .text.Bootloader_Read_OTP
                0x00000000080005da       0x12 ./Core/Src/bootloader.o
 .text.Bootloader_Change_Read_Protection_Level
                0x00000000080005ec       0x12 ./Core/Src/bootloader.o
 *fill*         0x00000000080005fe        0x2 
 .text.Bootloader_Jump_To_Application
                0x0000000008000600       0x3c ./Core/Src/bootloader.o
                0x0000000008000600                Bootloader_Jump_To_Application
 .text.Bootloader_CRC_Verify
                0x000000000800063c       0x78 ./Core/Src/bootloader.o
 .text.Bootloader_Send_ACK
                0x00000000080006b4       0x34 ./Core/Src/bootloader.o
 .text.Bootloader_Send_NACK
                0x00000000080006e8       0x24 ./Core/Src/bootloader.o
 .text.Bootloader_Send_Data_To_Host
                0x000000000800070c       0x28 ./Core/Src/bootloader.o
                0x000000000800070c                Bootloader_Send_Data_To_Host
 .text.Host_Address_Verification
                0x0000000008000734       0x50 ./Core/Src/bootloader.o
 .text.Perform_Flash_Erase
                0x0000000008000784       0x9c ./Core/Src/bootloader.o
                0x0000000008000784                Perform_Flash_Erase
 .text.FlashMemory_Payload_Write
                0x0000000008000820       0xa0 ./Core/Src/bootloader.o
 .text.MX_CRC_Init
                0x00000000080008c0       0x28 ./Core/Src/crc.o
                0x00000000080008c0                MX_CRC_Init
 .text.HAL_CRC_MspInit
                0x00000000080008e8       0x3c ./Core/Src/crc.o
                0x00000000080008e8                HAL_CRC_MspInit
 .text.MX_GPIO_Init
                0x0000000008000924       0xb0 ./Core/Src/gpio.o
                0x0000000008000924                MX_GPIO_Init
 .text.ckeakStart
                0x00000000080009d4       0x98 ./Core/Src/main.o
                0x00000000080009d4                ckeakStart
 .text.main     0x0000000008000a6c       0x48 ./Core/Src/main.o
                0x0000000008000a6c                main
 .text.SystemClock_Config
                0x0000000008000ab4       0x8a ./Core/Src/main.o
                0x0000000008000ab4                SystemClock_Config
 .text.Error_Handler
                0x0000000008000b3e        0xa ./Core/Src/main.o
                0x0000000008000b3e                Error_Handler
 .text.HAL_MspInit
                0x0000000008000b48       0x44 ./Core/Src/stm32f1xx_hal_msp.o
                0x0000000008000b48                HAL_MspInit
 .text.NMI_Handler
                0x0000000008000b8c        0x6 ./Core/Src/stm32f1xx_it.o
                0x0000000008000b8c                NMI_Handler
 .text.HardFault_Handler
                0x0000000008000b92        0x6 ./Core/Src/stm32f1xx_it.o
                0x0000000008000b92                HardFault_Handler
 .text.MemManage_Handler
                0x0000000008000b98        0x6 ./Core/Src/stm32f1xx_it.o
                0x0000000008000b98                MemManage_Handler
 .text.BusFault_Handler
                0x0000000008000b9e        0x6 ./Core/Src/stm32f1xx_it.o
                0x0000000008000b9e                BusFault_Handler
 .text.UsageFault_Handler
                0x0000000008000ba4        0x6 ./Core/Src/stm32f1xx_it.o
                0x0000000008000ba4                UsageFault_Handler
 .text.SVC_Handler
                0x0000000008000baa        0xc ./Core/Src/stm32f1xx_it.o
                0x0000000008000baa                SVC_Handler
 .text.DebugMon_Handler
                0x0000000008000bb6        0xc ./Core/Src/stm32f1xx_it.o
                0x0000000008000bb6                DebugMon_Handler
 .text.PendSV_Handler
                0x0000000008000bc2        0xc ./Core/Src/stm32f1xx_it.o
                0x0000000008000bc2                PendSV_Handler
 .text.SysTick_Handler
                0x0000000008000bce        0xc ./Core/Src/stm32f1xx_it.o
                0x0000000008000bce                SysTick_Handler
 .text.SystemInit
                0x0000000008000bda        0xc ./Core/Src/system_stm32f1xx.o
                0x0000000008000bda                SystemInit
 *fill*         0x0000000008000be6        0x2 
 .text.MX_USART2_UART_Init
                0x0000000008000be8       0x54 ./Core/Src/usart.o
                0x0000000008000be8                MX_USART2_UART_Init
 .text.MX_USART3_UART_Init
                0x0000000008000c3c       0x54 ./Core/Src/usart.o
                0x0000000008000c3c                MX_USART3_UART_Init
 .text.HAL_UART_MspInit
                0x0000000008000c90      0x10c ./Core/Src/usart.o
                0x0000000008000c90                HAL_UART_MspInit
 .text.Reset_Handler
                0x0000000008000d9c       0x48 ./Core/Startup/startup_stm32f103c8tx.o
                0x0000000008000d9c                Reset_Handler
 .text.Default_Handler
                0x0000000008000de4        0x2 ./Core/Startup/startup_stm32f103c8tx.o
                0x0000000008000de4                RTC_Alarm_IRQHandler
                0x0000000008000de4                EXTI2_IRQHandler
                0x0000000008000de4                TIM1_CC_IRQHandler
                0x0000000008000de4                PVD_IRQHandler
                0x0000000008000de4                EXTI3_IRQHandler
                0x0000000008000de4                EXTI0_IRQHandler
                0x0000000008000de4                I2C2_EV_IRQHandler
                0x0000000008000de4                ADC1_2_IRQHandler
                0x0000000008000de4                SPI1_IRQHandler
                0x0000000008000de4                TAMPER_IRQHandler
                0x0000000008000de4                DMA1_Channel4_IRQHandler
                0x0000000008000de4                USART3_IRQHandler
                0x0000000008000de4                RTC_IRQHandler
                0x0000000008000de4                DMA1_Channel7_IRQHandler
                0x0000000008000de4                CAN1_RX1_IRQHandler
                0x0000000008000de4                TIM4_IRQHandler
                0x0000000008000de4                I2C1_EV_IRQHandler
                0x0000000008000de4                DMA1_Channel6_IRQHandler
                0x0000000008000de4                TIM3_IRQHandler
                0x0000000008000de4                RCC_IRQHandler
                0x0000000008000de4                TIM1_TRG_COM_IRQHandler
                0x0000000008000de4                DMA1_Channel1_IRQHandler
                0x0000000008000de4                Default_Handler
                0x0000000008000de4                EXTI15_10_IRQHandler
                0x0000000008000de4                EXTI9_5_IRQHandler
                0x0000000008000de4                SPI2_IRQHandler
                0x0000000008000de4                DMA1_Channel5_IRQHandler
                0x0000000008000de4                EXTI4_IRQHandler
                0x0000000008000de4                USB_LP_CAN1_RX0_IRQHandler
                0x0000000008000de4                USB_HP_CAN1_TX_IRQHandler
                0x0000000008000de4                DMA1_Channel3_IRQHandler
                0x0000000008000de4                TIM1_UP_IRQHandler
                0x0000000008000de4                WWDG_IRQHandler
                0x0000000008000de4                TIM2_IRQHandler
                0x0000000008000de4                TIM1_BRK_IRQHandler
                0x0000000008000de4                EXTI1_IRQHandler
                0x0000000008000de4                USART2_IRQHandler
                0x0000000008000de4                I2C2_ER_IRQHandler
                0x0000000008000de4                DMA1_Channel2_IRQHandler
                0x0000000008000de4                CAN1_SCE_IRQHandler
                0x0000000008000de4                FLASH_IRQHandler
                0x0000000008000de4                USART1_IRQHandler
                0x0000000008000de4                I2C1_ER_IRQHandler
                0x0000000008000de4                USBWakeUp_IRQHandler
 *fill*         0x0000000008000de6        0x2 
 .text.HAL_Init
                0x0000000008000de8       0x2c ./Drivers/STM32F1xx_HAL_Driver/Src/stm32f1xx_hal.o
                0x0000000008000de8                HAL_Init
 .text.HAL_InitTick
                0x0000000008000e14       0x60 ./Drivers/STM32F1xx_HAL_Driver/Src/stm32f1xx_hal.o
                0x0000000008000e14                HAL_InitTick
 .text.HAL_IncTick
                0x0000000008000e74       0x24 ./Drivers/STM32F1xx_HAL_Driver/Src/stm32f1xx_hal.o
                0x0000000008000e74                HAL_IncTick
 .text.HAL_GetTick
                0x0000000008000e98       0x14 ./Drivers/STM32F1xx_HAL_Driver/Src/stm32f1xx_hal.o
                0x0000000008000e98                HAL_GetTick
 .text.__NVIC_SetPriorityGrouping
                0x0000000008000eac       0x48 ./Drivers/STM32F1xx_HAL_Driver/Src/stm32f1xx_hal_cortex.o
 .text.__NVIC_GetPriorityGrouping
                0x0000000008000ef4       0x1c ./Drivers/STM32F1xx_HAL_Driver/Src/stm32f1xx_hal_cortex.o
 .text.__NVIC_SetPriority
                0x0000000008000f10       0x54 ./Drivers/STM32F1xx_HAL_Driver/Src/stm32f1xx_hal_cortex.o
 .text.NVIC_EncodePriority
                0x0000000008000f64       0x64 ./Drivers/STM32F1xx_HAL_Driver/Src/stm32f1xx_hal_cortex.o
 .text.SysTick_Config
                0x0000000008000fc8       0x44 ./Drivers/STM32F1xx_HAL_Driver/Src/stm32f1xx_hal_cortex.o
 .text.HAL_NVIC_SetPriorityGrouping
                0x000000000800100c       0x16 ./Drivers/STM32F1xx_HAL_Driver/Src/stm32f1xx_hal_cortex.o
                0x000000000800100c                HAL_NVIC_SetPriorityGrouping
 .text.HAL_NVIC_SetPriority
                0x0000000008001022       0x38 ./Drivers/STM32F1xx_HAL_Driver/Src/stm32f1xx_hal_cortex.o
                0x0000000008001022                HAL_NVIC_SetPriority
 .text.HAL_SYSTICK_Config
                0x000000000800105a       0x18 ./Drivers/STM32F1xx_HAL_Driver/Src/stm32f1xx_hal_cortex.o
                0x000000000800105a                HAL_SYSTICK_Config
 .text.HAL_CRC_Init
                0x0000000008001072       0x38 ./Drivers/STM32F1xx_HAL_Driver/Src/stm32f1xx_hal_crc.o
                0x0000000008001072                HAL_CRC_Init
 .text.HAL_CRC_Accumulate
                0x00000000080010aa       0x54 ./Drivers/STM32F1xx_HAL_Driver/Src/stm32f1xx_hal_crc.o
                0x00000000080010aa                HAL_CRC_Accumulate
 *fill*         0x00000000080010fe        0x2 
 .text.HAL_FLASH_Program
                0x0000000008001100       0xe0 ./Drivers/STM32F1xx_HAL_Driver/Src/stm32f1xx_hal_flash.o
                0x0000000008001100                HAL_FLASH_Program
 .text.HAL_FLASH_Unlock
                0x00000000080011e0       0x4c ./Drivers/STM32F1xx_HAL_Driver/Src/stm32f1xx_hal_flash.o
                0x00000000080011e0                HAL_FLASH_Unlock
 .text.HAL_FLASH_Lock
                0x000000000800122c       0x20 ./Drivers/STM32F1xx_HAL_Driver/Src/stm32f1xx_hal_flash.o
                0x000000000800122c                HAL_FLASH_Lock
 .text.FLASH_Program_HalfWord
                0x000000000800124c       0x38 ./Drivers/STM32F1xx_HAL_Driver/Src/stm32f1xx_hal_flash.o
 .text.FLASH_WaitForLastOperation
                0x0000000008001284       0x8c ./Drivers/STM32F1xx_HAL_Driver/Src/stm32f1xx_hal_flash.o
                0x0000000008001284                FLASH_WaitForLastOperation
 .text.FLASH_SetErrorCode
                0x0000000008001310       0xa0 ./Drivers/STM32F1xx_HAL_Driver/Src/stm32f1xx_hal_flash.o
 .text.HAL_FLASHEx_Erase
                0x00000000080013b0       0xd8 ./Drivers/STM32F1xx_HAL_Driver/Src/stm32f1xx_hal_flash_ex.o
                0x00000000080013b0                HAL_FLASHEx_Erase
 .text.FLASH_MassErase
                0x0000000008001488       0x38 ./Drivers/STM32F1xx_HAL_Driver/Src/stm32f1xx_hal_flash_ex.o
 .text.FLASH_PageErase
                0x00000000080014c0       0x40 ./Drivers/STM32F1xx_HAL_Driver/Src/stm32f1xx_hal_flash_ex.o
                0x00000000080014c0                FLASH_PageErase
 .text.HAL_GPIO_Init
                0x0000000008001500      0x308 ./Drivers/STM32F1xx_HAL_Driver/Src/stm32f1xx_hal_gpio.o
                0x0000000008001500                HAL_GPIO_Init
 .text.HAL_GPIO_WritePin
                0x0000000008001808       0x30 ./Drivers/STM32F1xx_HAL_Driver/Src/stm32f1xx_hal_gpio.o
                0x0000000008001808                HAL_GPIO_WritePin
 .text.HAL_RCC_DeInit
                0x0000000008001838      0x134 ./Drivers/STM32F1xx_HAL_Driver/Src/stm32f1xx_hal_rcc.o
                0x0000000008001838                HAL_RCC_DeInit
 .text.HAL_RCC_OscConfig
                0x000000000800196c      0x504 ./Drivers/STM32F1xx_HAL_Driver/Src/stm32f1xx_hal_rcc.o
                0x000000000800196c                HAL_RCC_OscConfig
 .text.HAL_RCC_ClockConfig
                0x0000000008001e70      0x1d4 ./Drivers/STM32F1xx_HAL_Driver/Src/stm32f1xx_hal_rcc.o
                0x0000000008001e70                HAL_RCC_ClockConfig
 .text.HAL_RCC_GetSysClockFreq
                0x0000000008002044       0xa8 ./Drivers/STM32F1xx_HAL_Driver/Src/stm32f1xx_hal_rcc.o
                0x0000000008002044                HAL_RCC_GetSysClockFreq
 .text.HAL_RCC_GetHCLKFreq
                0x00000000080020ec       0x14 ./Drivers/STM32F1xx_HAL_Driver/Src/stm32f1xx_hal_rcc.o
                0x00000000080020ec                HAL_RCC_GetHCLKFreq
 .text.HAL_RCC_GetPCLK1Freq
                0x0000000008002100       0x28 ./Drivers/STM32F1xx_HAL_Driver/Src/stm32f1xx_hal_rcc.o
                0x0000000008002100                HAL_RCC_GetPCLK1Freq
 .text.HAL_RCC_GetPCLK2Freq
                0x0000000008002128       0x28 ./Drivers/STM32F1xx_HAL_Driver/Src/stm32f1xx_hal_rcc.o
                0x0000000008002128                HAL_RCC_GetPCLK2Freq
 .text.RCC_Delay
                0x0000000008002150       0x3c ./Drivers/STM32F1xx_HAL_Driver/Src/stm32f1xx_hal_rcc.o
 .text.HAL_UART_Init
                0x000000000800218c       0xa0 ./Drivers/STM32F1xx_HAL_Driver/Src/stm32f1xx_hal_uart.o
                0x000000000800218c                HAL_UART_Init
 .text.HAL_UART_Transmit
                0x000000000800222c      0x106 ./Drivers/STM32F1xx_HAL_Driver/Src/stm32f1xx_hal_uart.o
                0x000000000800222c                HAL_UART_Transmit
 .text.HAL_UART_Receive
                0x0000000008002332      0x124 ./Drivers/STM32F1xx_HAL_Driver/Src/stm32f1xx_hal_uart.o
                0x0000000008002332                HAL_UART_Receive
 .text.UART_WaitOnFlagUntilTimeout
                0x0000000008002456       0xdc ./Drivers/STM32F1xx_HAL_Driver/Src/stm32f1xx_hal_uart.o
 *fill*         0x0000000008002532        0x2 
 .text.UART_SetConfig
                0x0000000008002534      0x11c ./Drivers/STM32F1xx_HAL_Driver/Src/stm32f1xx_hal_uart.o
 .text.__libc_init_array
                0x0000000008002650       0x48 c:/st/stm32cubeide_1.12.0/stm32cubeide/plugins/com.st.stm32cube.ide.mcu.externaltools.gnu-tools-for-stm32.10.3-2021.10.win32_1.0.200.202301161003/tools/bin/../lib/gcc/arm-none-eabi/10.3.1/../../../../arm-none-eabi/lib/thumb/v7-m/nofp\libc_nano.a(lib_a-init.o)
                0x0000000008002650                __libc_init_array
 .text.memset   0x0000000008002698       0x10 c:/st/stm32cubeide_1.12.0/stm32cubeide/plugins/com.st.stm32cube.ide.mcu.externaltools.gnu-tools-for-stm32.10.3-2021.10.win32_1.0.200.202301161003/tools/bin/../lib/gcc/arm-none-eabi/10.3.1/../../../../arm-none-eabi/lib/thumb/v7-m/nofp\libc_nano.a(lib_a-memset.o)
                0x0000000008002698                memset
 *(.glue_7)
 .glue_7        0x00000000080026a8        0x0 linker stubs
 *(.glue_7t)
 .glue_7t       0x00000000080026a8        0x0 linker stubs
 *(.eh_frame)
 .eh_frame      0x00000000080026a8        0x0 c:/st/stm32cubeide_1.12.0/stm32cubeide/plugins/com.st.stm32cube.ide.mcu.externaltools.gnu-tools-for-stm32.10.3-2021.10.win32_1.0.200.202301161003/tools/bin/../lib/gcc/arm-none-eabi/10.3.1/thumb/v7-m/nofp/crtbegin.o
 *(.init)
 .init          0x00000000080026a8        0x4 c:/st/stm32cubeide_1.12.0/stm32cubeide/plugins/com.st.stm32cube.ide.mcu.externaltools.gnu-tools-for-stm32.10.3-2021.10.win32_1.0.200.202301161003/tools/bin/../lib/gcc/arm-none-eabi/10.3.1/thumb/v7-m/nofp/crti.o
                0x00000000080026a8                _init
 .init          0x00000000080026ac        0x8 c:/st/stm32cubeide_1.12.0/stm32cubeide/plugins/com.st.stm32cube.ide.mcu.externaltools.gnu-tools-for-stm32.10.3-2021.10.win32_1.0.200.202301161003/tools/bin/../lib/gcc/arm-none-eabi/10.3.1/thumb/v7-m/nofp/crtn.o
 *(.fini)
 .fini          0x00000000080026b4        0x4 c:/st/stm32cubeide_1.12.0/stm32cubeide/plugins/com.st.stm32cube.ide.mcu.externaltools.gnu-tools-for-stm32.10.3-2021.10.win32_1.0.200.202301161003/tools/bin/../lib/gcc/arm-none-eabi/10.3.1/thumb/v7-m/nofp/crti.o
                0x00000000080026b4                _fini
 .fini          0x00000000080026b8        0x8 c:/st/stm32cubeide_1.12.0/stm32cubeide/plugins/com.st.stm32cube.ide.mcu.externaltools.gnu-tools-for-stm32.10.3-2021.10.win32_1.0.200.202301161003/tools/bin/../lib/gcc/arm-none-eabi/10.3.1/thumb/v7-m/nofp/crtn.o
                0x00000000080026c0                . = ALIGN (0x4)
                0x00000000080026c0                _etext = .

.vfp11_veneer   0x00000000080026c0        0x0
 .vfp11_veneer  0x00000000080026c0        0x0 linker stubs

.v4_bx          0x00000000080026c0        0x0
 .v4_bx         0x00000000080026c0        0x0 linker stubs

.iplt           0x00000000080026c0        0x0
 .iplt          0x00000000080026c0        0x0 c:/st/stm32cubeide_1.12.0/stm32cubeide/plugins/com.st.stm32cube.ide.mcu.externaltools.gnu-tools-for-stm32.10.3-2021.10.win32_1.0.200.202301161003/tools/bin/../lib/gcc/arm-none-eabi/10.3.1/thumb/v7-m/nofp/crtbegin.o

.rodata         0x00000000080026c0       0x2c
                0x00000000080026c0                . = ALIGN (0x4)
 *(.rodata)
 *(.rodata*)
 .rodata.AHBPrescTable
                0x00000000080026c0       0x10 ./Core/Src/system_stm32f1xx.o
                0x00000000080026c0                AHBPrescTable
 .rodata.APBPrescTable
                0x00000000080026d0        0x8 ./Core/Src/system_stm32f1xx.o
                0x00000000080026d0                APBPrescTable
 .rodata.aPLLMULFactorTable.1
                0x00000000080026d8       0x10 ./Drivers/STM32F1xx_HAL_Driver/Src/stm32f1xx_hal_rcc.o
 .rodata.aPredivFactorTable.0
                0x00000000080026e8        0x2 ./Drivers/STM32F1xx_HAL_Driver/Src/stm32f1xx_hal_rcc.o
                0x00000000080026ec                . = ALIGN (0x4)
 *fill*         0x00000000080026ea        0x2 

.rel.dyn        0x00000000080026ec        0x0
 .rel.iplt      0x00000000080026ec        0x0 c:/st/stm32cubeide_1.12.0/stm32cubeide/plugins/com.st.stm32cube.ide.mcu.externaltools.gnu-tools-for-stm32.10.3-2021.10.win32_1.0.200.202301161003/tools/bin/../lib/gcc/arm-none-eabi/10.3.1/thumb/v7-m/nofp/crtbegin.o

.ARM.extab      0x00000000080026ec        0x0
                0x00000000080026ec                . = ALIGN (0x4)
 *(.ARM.extab* .gnu.linkonce.armextab.*)
                0x00000000080026ec                . = ALIGN (0x4)

.ARM            0x00000000080026ec        0x0
                0x00000000080026ec                . = ALIGN (0x4)
                0x00000000080026ec                __exidx_start = .
 *(.ARM.exidx*)
                0x00000000080026ec                __exidx_end = .
                0x00000000080026ec                . = ALIGN (0x4)

.preinit_array  0x00000000080026ec        0x0
                0x00000000080026ec                . = ALIGN (0x4)
                0x00000000080026ec                PROVIDE (__preinit_array_start = .)
 *(.preinit_array*)
                0x00000000080026ec                PROVIDE (__preinit_array_end = .)
                0x00000000080026ec                . = ALIGN (0x4)

.init_array     0x00000000080026ec        0x4
                0x00000000080026ec                . = ALIGN (0x4)
                0x00000000080026ec                PROVIDE (__init_array_start = .)
 *(SORT_BY_NAME(.init_array.*))
 *(.init_array*)
 .init_array    0x00000000080026ec        0x4 c:/st/stm32cubeide_1.12.0/stm32cubeide/plugins/com.st.stm32cube.ide.mcu.externaltools.gnu-tools-for-stm32.10.3-2021.10.win32_1.0.200.202301161003/tools/bin/../lib/gcc/arm-none-eabi/10.3.1/thumb/v7-m/nofp/crtbegin.o
                0x00000000080026f0                PROVIDE (__init_array_end = .)
                0x00000000080026f0                . = ALIGN (0x4)

.fini_array     0x00000000080026f0        0x4
                0x00000000080026f0                . = ALIGN (0x4)
                [!provide]                        PROVIDE (__fini_array_start = .)
 *(SORT_BY_NAME(.fini_array.*))
 *(.fini_array*)
 .fini_array    0x00000000080026f0        0x4 c:/st/stm32cubeide_1.12.0/stm32cubeide/plugins/com.st.stm32cube.ide.mcu.externaltools.gnu-tools-for-stm32.10.3-2021.10.win32_1.0.200.202301161003/tools/bin/../lib/gcc/arm-none-eabi/10.3.1/thumb/v7-m/nofp/crtbegin.o
                [!provide]                        PROVIDE (__fini_array_end = .)
                0x00000000080026f4                . = ALIGN (0x4)
                0x00000000080026f4                _sidata = LOADADDR (.data)

.data           0x0000000020000000       0x38 load address 0x00000000080026f4
                0x0000000020000000                . = ALIGN (0x4)
                0x0000000020000000                _sdata = .
 *(.data)
 *(.data*)
 .data.Bootloader_Supported_CMDs
                0x0000000020000000        0xc ./Core/Src/bootloader.o
 .data.check    0x000000002000000c       0x10 ./Core/Src/main.o
                0x000000002000000c                check
 .data.Erase    0x000000002000001c       0x10 ./Core/Src/main.o
                0x000000002000001c                Erase
 .data.SystemCoreClock
                0x000000002000002c        0x4 ./Core/Src/system_stm32f1xx.o
                0x000000002000002c                SystemCoreClock
 .data.uwTickPrio
                0x0000000020000030        0x4 ./Drivers/STM32F1xx_HAL_Driver/Src/stm32f1xx_hal.o
                0x0000000020000030                uwTickPrio
 .data.uwTickFreq
                0x0000000020000034        0x1 ./Drivers/STM32F1xx_HAL_Driver/Src/stm32f1xx_hal.o
                0x0000000020000034                uwTickFreq
 *(.RamFunc)
 *(.RamFunc*)
                0x0000000020000038                . = ALIGN (0x4)
 *fill*         0x0000000020000035        0x3 
                0x0000000020000038                _edata = .

.igot.plt       0x0000000020000038        0x0 load address 0x000000000800272c
 .igot.plt      0x0000000020000038        0x0 c:/st/stm32cubeide_1.12.0/stm32cubeide/plugins/com.st.stm32cube.ide.mcu.externaltools.gnu-tools-for-stm32.10.3-2021.10.win32_1.0.200.202301161003/tools/bin/../lib/gcc/arm-none-eabi/10.3.1/thumb/v7-m/nofp/crtbegin.o
                0x0000000020000038                . = ALIGN (0x4)

.bss            0x0000000020000038      0x158 load address 0x000000000800272c
                0x0000000020000038                _sbss = .
                0x0000000020000038                __bss_start__ = _sbss
 *(.bss)
 .bss           0x0000000020000038       0x1c c:/st/stm32cubeide_1.12.0/stm32cubeide/plugins/com.st.stm32cube.ide.mcu.externaltools.gnu-tools-for-stm32.10.3-2021.10.win32_1.0.200.202301161003/tools/bin/../lib/gcc/arm-none-eabi/10.3.1/thumb/v7-m/nofp/crtbegin.o
 *(.bss*)
 .bss.BL_HostBuff
                0x0000000020000054       0x64 ./Core/Src/bootloader.o
                0x0000000020000054                BL_HostBuff
 .bss.i         0x00000000200000b8        0x2 ./Core/Src/bootloader.o
                0x00000000200000b8                i
 *fill*         0x00000000200000ba        0x2 
 .bss.HostAddress.0
                0x00000000200000bc        0x4 ./Core/Src/bootloader.o
 .bss.hcrc      0x00000000200000c0        0x8 ./Core/Src/crc.o
                0x00000000200000c0                hcrc
 .bss.start     0x00000000200000c8       0x10 ./Core/Src/main.o
                0x00000000200000c8                start
 .bss.huart2    0x00000000200000d8       0x48 ./Core/Src/usart.o
                0x00000000200000d8                huart2
 .bss.huart3    0x0000000020000120       0x48 ./Core/Src/usart.o
                0x0000000020000120                huart3
 .bss.uwTick    0x0000000020000168        0x4 ./Drivers/STM32F1xx_HAL_Driver/Src/stm32f1xx_hal.o
                0x0000000020000168                uwTick
 *fill*         0x000000002000016c        0x4 
 .bss.pFlash    0x0000000020000170       0x20 ./Drivers/STM32F1xx_HAL_Driver/Src/stm32f1xx_hal_flash.o
                0x0000000020000170                pFlash
 *(COMMON)
                0x0000000020000190                . = ALIGN (0x4)
                0x0000000020000190                _ebss = .
                0x0000000020000190                __bss_end__ = _ebss

._user_heap_stack
                0x0000000020000190      0x600 load address 0x000000000800272c
                0x0000000020000190                . = ALIGN (0x8)
                [!provide]                        PROVIDE (end = .)
                0x0000000020000190                PROVIDE (_end = .)
                0x0000000020000390                . = (. + _Min_Heap_Size)
 *fill*         0x0000000020000190      0x200 
                0x0000000020000790                . = (. + _Min_Stack_Size)
 *fill*         0x0000000020000390      0x400 
                0x0000000020000790                . = ALIGN (0x8)

/DISCARD/
 libc.a(*)
 libm.a(*)
 libgcc.a(*)

.ARM.attributes
                0x0000000000000000       0x29
 *(.ARM.attributes)
 .ARM.attributes
                0x0000000000000000       0x1d c:/st/stm32cubeide_1.12.0/stm32cubeide/plugins/com.st.stm32cube.ide.mcu.externaltools.gnu-tools-for-stm32.10.3-2021.10.win32_1.0.200.202301161003/tools/bin/../lib/gcc/arm-none-eabi/10.3.1/thumb/v7-m/nofp/crti.o
 .ARM.attributes
                0x000000000000001d       0x2d c:/st/stm32cubeide_1.12.0/stm32cubeide/plugins/com.st.stm32cube.ide.mcu.externaltools.gnu-tools-for-stm32.10.3-2021.10.win32_1.0.200.202301161003/tools/bin/../lib/gcc/arm-none-eabi/10.3.1/thumb/v7-m/nofp/crtbegin.o
 .ARM.attributes
                0x000000000000004a       0x2d ./Core/Src/bootloader.o
 .ARM.attributes
                0x0000000000000077       0x2d ./Core/Src/crc.o
 .ARM.attributes
                0x00000000000000a4       0x2d ./Core/Src/gpio.o
 .ARM.attributes
                0x00000000000000d1       0x2d ./Core/Src/main.o
 .ARM.attributes
                0x00000000000000fe       0x2d ./Core/Src/stm32f1xx_hal_msp.o
 .ARM.attributes
                0x000000000000012b       0x2d ./Core/Src/stm32f1xx_it.o
 .ARM.attributes
                0x0000000000000158       0x2d ./Core/Src/system_stm32f1xx.o
 .ARM.attributes
                0x0000000000000185       0x2d ./Core/Src/usart.o
 .ARM.attributes
                0x00000000000001b2       0x21 ./Core/Startup/startup_stm32f103c8tx.o
 .ARM.attributes
                0x00000000000001d3       0x2d ./Drivers/STM32F1xx_HAL_Driver/Src/stm32f1xx_hal.o
 .ARM.attributes
                0x0000000000000200       0x2d ./Drivers/STM32F1xx_HAL_Driver/Src/stm32f1xx_hal_cortex.o
 .ARM.attributes
                0x000000000000022d       0x2d ./Drivers/STM32F1xx_HAL_Driver/Src/stm32f1xx_hal_crc.o
 .ARM.attributes
                0x000000000000025a       0x2d ./Drivers/STM32F1xx_HAL_Driver/Src/stm32f1xx_hal_flash.o
 .ARM.attributes
                0x0000000000000287       0x2d ./Drivers/STM32F1xx_HAL_Driver/Src/stm32f1xx_hal_flash_ex.o
 .ARM.attributes
                0x00000000000002b4       0x2d ./Drivers/STM32F1xx_HAL_Driver/Src/stm32f1xx_hal_gpio.o
 .ARM.attributes
                0x00000000000002e1       0x2d ./Drivers/STM32F1xx_HAL_Driver/Src/stm32f1xx_hal_rcc.o
 .ARM.attributes
                0x000000000000030e       0x2d ./Drivers/STM32F1xx_HAL_Driver/Src/stm32f1xx_hal_uart.o
 .ARM.attributes
                0x000000000000033b       0x2d c:/st/stm32cubeide_1.12.0/stm32cubeide/plugins/com.st.stm32cube.ide.mcu.externaltools.gnu-tools-for-stm32.10.3-2021.10.win32_1.0.200.202301161003/tools/bin/../lib/gcc/arm-none-eabi/10.3.1/../../../../arm-none-eabi/lib/thumb/v7-m/nofp\libc_nano.a(lib_a-init.o)
 .ARM.attributes
                0x0000000000000368       0x2d c:/st/stm32cubeide_1.12.0/stm32cubeide/plugins/com.st.stm32cube.ide.mcu.externaltools.gnu-tools-for-stm32.10.3-2021.10.win32_1.0.200.202301161003/tools/bin/../lib/gcc/arm-none-eabi/10.3.1/../../../../arm-none-eabi/lib/thumb/v7-m/nofp\libc_nano.a(lib_a-memset.o)
 .ARM.attributes
                0x0000000000000395       0x1d c:/st/stm32cubeide_1.12.0/stm32cubeide/plugins/com.st.stm32cube.ide.mcu.externaltools.gnu-tools-for-stm32.10.3-2021.10.win32_1.0.200.202301161003/tools/bin/../lib/gcc/arm-none-eabi/10.3.1/thumb/v7-m/nofp/crtn.o
OUTPUT(Bootloader.elf elf32-littlearm)
LOAD linker stubs
LOAD c:/st/stm32cubeide_1.12.0/stm32cubeide/plugins/com.st.stm32cube.ide.mcu.externaltools.gnu-tools-for-stm32.10.3-2021.10.win32_1.0.200.202301161003/tools/bin/../lib/gcc/arm-none-eabi/10.3.1/../../../../arm-none-eabi/lib/thumb/v7-m/nofp\libc.a
LOAD c:/st/stm32cubeide_1.12.0/stm32cubeide/plugins/com.st.stm32cube.ide.mcu.externaltools.gnu-tools-for-stm32.10.3-2021.10.win32_1.0.200.202301161003/tools/bin/../lib/gcc/arm-none-eabi/10.3.1/../../../../arm-none-eabi/lib/thumb/v7-m/nofp\libm.a
LOAD c:/st/stm32cubeide_1.12.0/stm32cubeide/plugins/com.st.stm32cube.ide.mcu.externaltools.gnu-tools-for-stm32.10.3-2021.10.win32_1.0.200.202301161003/tools/bin/../lib/gcc/arm-none-eabi/10.3.1/thumb/v7-m/nofp\libgcc.a

.debug_info     0x0000000000000000     0x903f
 .debug_info    0x0000000000000000     0x103a ./Core/Src/bootloader.o
 .debug_info    0x000000000000103a      0x358 ./Core/Src/crc.o
 .debug_info    0x0000000000001392      0x30b ./Core/Src/gpio.o
 .debug_info    0x000000000000169d      0x8c7 ./Core/Src/main.o
 .debug_info    0x0000000000001f64      0x180 ./Core/Src/stm32f1xx_hal_msp.o
 .debug_info    0x00000000000020e4      0x122 ./Core/Src/stm32f1xx_it.o
 .debug_info    0x0000000000002206      0x23d ./Core/Src/system_stm32f1xx.o
 .debug_info    0x0000000000002443      0x876 ./Core/Src/usart.o
 .debug_info    0x0000000000002cb9       0x22 ./Core/Startup/startup_stm32f103c8tx.o
 .debug_info    0x0000000000002cdb      0x734 ./Drivers/STM32F1xx_HAL_Driver/Src/stm32f1xx_hal.o
 .debug_info    0x000000000000340f      0xb20 ./Drivers/STM32F1xx_HAL_Driver/Src/stm32f1xx_hal_cortex.o
 .debug_info    0x0000000000003f2f      0x3b1 ./Drivers/STM32F1xx_HAL_Driver/Src/stm32f1xx_hal_crc.o
 .debug_info    0x00000000000042e0      0x54e ./Drivers/STM32F1xx_HAL_Driver/Src/stm32f1xx_hal_flash.o
 .debug_info    0x000000000000482e      0x7e5 ./Drivers/STM32F1xx_HAL_Driver/Src/stm32f1xx_hal_flash_ex.o
 .debug_info    0x0000000000005013      0x615 ./Drivers/STM32F1xx_HAL_Driver/Src/stm32f1xx_hal_gpio.o
 .debug_info    0x0000000000005628      0x865 ./Drivers/STM32F1xx_HAL_Driver/Src/stm32f1xx_hal_rcc.o
 .debug_info    0x0000000000005e8d     0x31b2 ./Drivers/STM32F1xx_HAL_Driver/Src/stm32f1xx_hal_uart.o

.debug_abbrev   0x0000000000000000     0x1f37
 .debug_abbrev  0x0000000000000000      0x360 ./Core/Src/bootloader.o
 .debug_abbrev  0x0000000000000360      0x17c ./Core/Src/crc.o
 .debug_abbrev  0x00000000000004dc      0x134 ./Core/Src/gpio.o
 .debug_abbrev  0x0000000000000610      0x282 ./Core/Src/main.o
 .debug_abbrev  0x0000000000000892       0xc2 ./Core/Src/stm32f1xx_hal_msp.o
 .debug_abbrev  0x0000000000000954       0x74 ./Core/Src/stm32f1xx_it.o
 .debug_abbrev  0x00000000000009c8      0x13b ./Core/Src/system_stm32f1xx.o
 .debug_abbrev  0x0000000000000b03      0x1d5 ./Core/Src/usart.o
 .debug_abbrev  0x0000000000000cd8       0x12 ./Core/Startup/startup_stm32f103c8tx.o
 .debug_abbrev  0x0000000000000cea      0x1fb ./Drivers/STM32F1xx_HAL_Driver/Src/stm32f1xx_hal.o
 .debug_abbrev  0x0000000000000ee5      0x2ed ./Drivers/STM32F1xx_HAL_Driver/Src/stm32f1xx_hal_cortex.o
 .debug_abbrev  0x00000000000011d2      0x1a5 ./Drivers/STM32F1xx_HAL_Driver/Src/stm32f1xx_hal_crc.o
 .debug_abbrev  0x0000000000001377      0x243 ./Drivers/STM32F1xx_HAL_Driver/Src/stm32f1xx_hal_flash.o
 .debug_abbrev  0x00000000000015ba      0x23b ./Drivers/STM32F1xx_HAL_Driver/Src/stm32f1xx_hal_flash_ex.o
 .debug_abbrev  0x00000000000017f5      0x1bb ./Drivers/STM32F1xx_HAL_Driver/Src/stm32f1xx_hal_gpio.o
 .debug_abbrev  0x00000000000019b0      0x2a8 ./Drivers/STM32F1xx_HAL_Driver/Src/stm32f1xx_hal_rcc.o
 .debug_abbrev  0x0000000000001c58      0x2df ./Drivers/STM32F1xx_HAL_Driver/Src/stm32f1xx_hal_uart.o

.debug_aranges  0x0000000000000000      0x898
 .debug_aranges
                0x0000000000000000       0xc8 ./Core/Src/bootloader.o
 .debug_aranges
                0x00000000000000c8       0x30 ./Core/Src/crc.o
 .debug_aranges
                0x00000000000000f8       0x20 ./Core/Src/gpio.o
 .debug_aranges
                0x0000000000000118       0x38 ./Core/Src/main.o
 .debug_aranges
                0x0000000000000150       0x20 ./Core/Src/stm32f1xx_hal_msp.o
 .debug_aranges
                0x0000000000000170       0x60 ./Core/Src/stm32f1xx_it.o
 .debug_aranges
                0x00000000000001d0       0x28 ./Core/Src/system_stm32f1xx.o
 .debug_aranges
                0x00000000000001f8       0x38 ./Core/Src/usart.o
 .debug_aranges
                0x0000000000000230       0x28 ./Core/Startup/startup_stm32f103c8tx.o
 .debug_aranges
                0x0000000000000258       0xe0 ./Drivers/STM32F1xx_HAL_Driver/Src/stm32f1xx_hal.o
 .debug_aranges
                0x0000000000000338      0x100 ./Drivers/STM32F1xx_HAL_Driver/Src/stm32f1xx_hal_cortex.o
 .debug_aranges
                0x0000000000000438       0x50 ./Drivers/STM32F1xx_HAL_Driver/Src/stm32f1xx_hal_crc.o
 .debug_aranges
                0x0000000000000488       0x88 ./Drivers/STM32F1xx_HAL_Driver/Src/stm32f1xx_hal_flash.o
 .debug_aranges
                0x0000000000000510       0x98 ./Drivers/STM32F1xx_HAL_Driver/Src/stm32f1xx_hal_flash_ex.o
 .debug_aranges
                0x00000000000005a8       0x58 ./Drivers/STM32F1xx_HAL_Driver/Src/stm32f1xx_hal_gpio.o
 .debug_aranges
                0x0000000000000600       0x90 ./Drivers/STM32F1xx_HAL_Driver/Src/stm32f1xx_hal_rcc.o
 .debug_aranges
                0x0000000000000690      0x208 ./Drivers/STM32F1xx_HAL_Driver/Src/stm32f1xx_hal_uart.o

.debug_ranges   0x0000000000000000      0x7c0
 .debug_ranges  0x0000000000000000       0xb8 ./Core/Src/bootloader.o
 .debug_ranges  0x00000000000000b8       0x20 ./Core/Src/crc.o
 .debug_ranges  0x00000000000000d8       0x10 ./Core/Src/gpio.o
 .debug_ranges  0x00000000000000e8       0x28 ./Core/Src/main.o
 .debug_ranges  0x0000000000000110       0x10 ./Core/Src/stm32f1xx_hal_msp.o
 .debug_ranges  0x0000000000000120       0x50 ./Core/Src/stm32f1xx_it.o
 .debug_ranges  0x0000000000000170       0x18 ./Core/Src/system_stm32f1xx.o
 .debug_ranges  0x0000000000000188       0x28 ./Core/Src/usart.o
 .debug_ranges  0x00000000000001b0       0x20 ./Core/Startup/startup_stm32f103c8tx.o
 .debug_ranges  0x00000000000001d0       0xd0 ./Drivers/STM32F1xx_HAL_Driver/Src/stm32f1xx_hal.o
 .debug_ranges  0x00000000000002a0       0xf0 ./Drivers/STM32F1xx_HAL_Driver/Src/stm32f1xx_hal_cortex.o
 .debug_ranges  0x0000000000000390       0x40 ./Drivers/STM32F1xx_HAL_Driver/Src/stm32f1xx_hal_crc.o
 .debug_ranges  0x00000000000003d0       0x78 ./Drivers/STM32F1xx_HAL_Driver/Src/stm32f1xx_hal_flash.o
 .debug_ranges  0x0000000000000448       0x88 ./Drivers/STM32F1xx_HAL_Driver/Src/stm32f1xx_hal_flash_ex.o
 .debug_ranges  0x00000000000004d0       0x48 ./Drivers/STM32F1xx_HAL_Driver/Src/stm32f1xx_hal_gpio.o
 .debug_ranges  0x0000000000000518       0x80 ./Drivers/STM32F1xx_HAL_Driver/Src/stm32f1xx_hal_rcc.o
 .debug_ranges  0x0000000000000598      0x228 ./Drivers/STM32F1xx_HAL_Driver/Src/stm32f1xx_hal_uart.o

.debug_macro    0x0000000000000000    0x17cc7
 .debug_macro   0x0000000000000000      0x348 ./Core/Src/bootloader.o
 .debug_macro   0x0000000000000348      0xa6c ./Core/Src/bootloader.o
 .debug_macro   0x0000000000000db4       0x58 ./Core/Src/bootloader.o
 .debug_macro   0x0000000000000e0c       0x22 ./Core/Src/bootloader.o
 .debug_macro   0x0000000000000e2e       0x4c ./Core/Src/bootloader.o
 .debug_macro   0x0000000000000e7a       0x18 ./Core/Src/bootloader.o
 .debug_macro   0x0000000000000e92       0x94 ./Core/Src/bootloader.o
 .debug_macro   0x0000000000000f26       0x3c ./Core/Src/bootloader.o
 .debug_macro   0x0000000000000f62       0x34 ./Core/Src/bootloader.o
 .debug_macro   0x0000000000000f96      0x174 ./Core/Src/bootloader.o
 .debug_macro   0x000000000000110a       0x16 ./Core/Src/bootloader.o
 .debug_macro   0x0000000000001120       0x43 ./Core/Src/bootloader.o
 .debug_macro   0x0000000000001163       0x57 ./Core/Src/bootloader.o
 .debug_macro   0x00000000000011ba       0x34 ./Core/Src/bootloader.o
 .debug_macro   0x00000000000011ee       0x10 ./Core/Src/bootloader.o
 .debug_macro   0x00000000000011fe       0x58 ./Core/Src/bootloader.o
 .debug_macro   0x0000000000001256       0x71 ./Core/Src/bootloader.o
 .debug_macro   0x00000000000012c7       0x1c ./Core/Src/bootloader.o
 .debug_macro   0x00000000000012e3      0x12a ./Core/Src/bootloader.o
 .debug_macro   0x000000000000140d      0x341 ./Core/Src/bootloader.o
 .debug_macro   0x000000000000174e       0x10 ./Core/Src/bootloader.o
 .debug_macro   0x000000000000175e       0x35 ./Core/Src/bootloader.o
 .debug_macro   0x0000000000001793       0x20 ./Core/Src/bootloader.o
 .debug_macro   0x00000000000017b3       0x1c ./Core/Src/bootloader.o
 .debug_macro   0x00000000000017cf       0x10 ./Core/Src/bootloader.o
 .debug_macro   0x00000000000017df       0x6a ./Core/Src/bootloader.o
 .debug_macro   0x0000000000001849       0x1c ./Core/Src/bootloader.o
 .debug_macro   0x0000000000001865       0x52 ./Core/Src/bootloader.o
 .debug_macro   0x00000000000018b7       0x22 ./Core/Src/bootloader.o
 .debug_macro   0x00000000000018d9       0x10 ./Core/Src/bootloader.o
 .debug_macro   0x00000000000018e9       0x52 ./Core/Src/bootloader.o
 .debug_macro   0x000000000000193b       0xd5 ./Core/Src/bootloader.o
 .debug_macro   0x0000000000001a10       0x1c ./Core/Src/bootloader.o
 .debug_macro   0x0000000000001a2c       0x3d ./Core/Src/bootloader.o
 .debug_macro   0x0000000000001a69       0x16 ./Core/Src/bootloader.o
 .debug_macro   0x0000000000001a7f      0x145 ./Core/Src/bootloader.o
 .debug_macro   0x0000000000001bc4      0x21b ./Core/Src/bootloader.o
 .debug_macro   0x0000000000001ddf       0x2e ./Core/Src/bootloader.o
 .debug_macro   0x0000000000001e0d       0x22 ./Core/Src/bootloader.o
 .debug_macro   0x0000000000001e2f      0x103 ./Core/Src/bootloader.o
 .debug_macro   0x0000000000001f32      0x1df ./Core/Src/bootloader.o
 .debug_macro   0x0000000000002111       0x1c ./Core/Src/bootloader.o
 .debug_macro   0x000000000000212d       0x22 ./Core/Src/bootloader.o
 .debug_macro   0x000000000000214f       0xbd ./Core/Src/bootloader.o
 .debug_macro   0x000000000000220c      0xd23 ./Core/Src/bootloader.o
 .debug_macro   0x0000000000002f2f     0xe09e ./Core/Src/bootloader.o
 .debug_macro   0x0000000000010fcd       0x6d ./Core/Src/bootloader.o
 .debug_macro   0x000000000001103a     0x348d ./Core/Src/bootloader.o
 .debug_macro   0x00000000000144c7       0x56 ./Core/Src/bootloader.o
 .debug_macro   0x000000000001451d      0x5bc ./Core/Src/bootloader.o
 .debug_macro   0x0000000000014ad9      0x289 ./Core/Src/bootloader.o
 .debug_macro   0x0000000000014d62      0x1cb ./Core/Src/bootloader.o
 .debug_macro   0x0000000000014f2d      0x114 ./Core/Src/bootloader.o
 .debug_macro   0x0000000000015041      0x1b2 ./Core/Src/bootloader.o
 .debug_macro   0x00000000000151f3       0x27 ./Core/Src/bootloader.o
 .debug_macro   0x000000000001521a      0x136 ./Core/Src/bootloader.o
 .debug_macro   0x0000000000015350      0x1bc ./Core/Src/bootloader.o
 .debug_macro   0x000000000001550c       0x34 ./Core/Src/bootloader.o
 .debug_macro   0x0000000000015540       0x3c ./Core/Src/bootloader.o
 .debug_macro   0x000000000001557c       0x57 ./Core/Src/bootloader.o
 .debug_macro   0x00000000000155d3       0x22 ./Core/Src/bootloader.o
 .debug_macro   0x00000000000155f5       0x87 ./Core/Src/bootloader.o
 .debug_macro   0x000000000001567c      0x240 ./Core/Src/bootloader.o
 .debug_macro   0x00000000000158bc      0x140 ./Core/Src/bootloader.o
 .debug_macro   0x00000000000159fc      0x28e ./Core/Src/bootloader.o
 .debug_macro   0x0000000000015c8a       0x83 ./Core/Src/bootloader.o
 .debug_macro   0x0000000000015d0d      0x11e ./Core/Src/bootloader.o
 .debug_macro   0x0000000000015e2b      0x1ac ./Core/Src/crc.o
 .debug_macro   0x0000000000015fd7       0x8e ./Core/Src/crc.o
 .debug_macro   0x0000000000016065       0x51 ./Core/Src/crc.o
 .debug_macro   0x00000000000160b6       0x5c ./Core/Src/crc.o
 .debug_macro   0x0000000000016112      0x1ac ./Core/Src/gpio.o
 .debug_macro   0x00000000000162be      0x373 ./Core/Src/main.o
 .debug_macro   0x0000000000016631       0x52 ./Core/Src/main.o
 .debug_macro   0x0000000000016683       0x16 ./Core/Src/main.o
 .debug_macro   0x0000000000016699       0x10 ./Core/Src/main.o
 .debug_macro   0x00000000000166a9       0x4c ./Core/Src/main.o
 .debug_macro   0x00000000000166f5       0x16 ./Core/Src/main.o
 .debug_macro   0x000000000001670b      0x1a2 ./Core/Src/stm32f1xx_hal_msp.o
 .debug_macro   0x00000000000168ad      0x1ac ./Core/Src/stm32f1xx_it.o
 .debug_macro   0x0000000000016a59      0x198 ./Core/Src/system_stm32f1xx.o
 .debug_macro   0x0000000000016bf1      0x1ac ./Core/Src/usart.o
 .debug_macro   0x0000000000016d9d      0x1bc ./Drivers/STM32F1xx_HAL_Driver/Src/stm32f1xx_hal.o
 .debug_macro   0x0000000000016f59      0x198 ./Drivers/STM32F1xx_HAL_Driver/Src/stm32f1xx_hal_cortex.o
 .debug_macro   0x00000000000170f1      0x198 ./Drivers/STM32F1xx_HAL_Driver/Src/stm32f1xx_hal_crc.o
 .debug_macro   0x0000000000017289      0x34e ./Drivers/STM32F1xx_HAL_Driver/Src/stm32f1xx_hal_flash.o
 .debug_macro   0x00000000000175d7      0x1aa ./Drivers/STM32F1xx_HAL_Driver/Src/stm32f1xx_hal_flash_ex.o
 .debug_macro   0x0000000000017781      0x203 ./Drivers/STM32F1xx_HAL_Driver/Src/stm32f1xx_hal_gpio.o
 .debug_macro   0x0000000000017984      0x1aa ./Drivers/STM32F1xx_HAL_Driver/Src/stm32f1xx_hal_rcc.o
 .debug_macro   0x0000000000017b2e      0x199 ./Drivers/STM32F1xx_HAL_Driver/Src/stm32f1xx_hal_uart.o

.debug_line     0x0000000000000000     0xb1b7
 .debug_line    0x0000000000000000      0xd77 ./Core/Src/bootloader.o
 .debug_line    0x0000000000000d77      0x69b ./Core/Src/crc.o
 .debug_line    0x0000000000001412      0x66f ./Core/Src/gpio.o
 .debug_line    0x0000000000001a81      0x978 ./Core/Src/main.o
 .debug_line    0x00000000000023f9      0x65f ./Core/Src/stm32f1xx_hal_msp.o
 .debug_line    0x0000000000002a58      0x722 ./Core/Src/stm32f1xx_it.o
 .debug_line    0x000000000000317a      0x6de ./Core/Src/system_stm32f1xx.o
 .debug_line    0x0000000000003858      0x73f ./Core/Src/usart.o
 .debug_line    0x0000000000003f97       0x86 ./Core/Startup/startup_stm32f103c8tx.o
 .debug_line    0x000000000000401d      0x90b ./Drivers/STM32F1xx_HAL_Driver/Src/stm32f1xx_hal.o
 .debug_line    0x0000000000004928      0xaf3 ./Drivers/STM32F1xx_HAL_Driver/Src/stm32f1xx_hal_cortex.o
 .debug_line    0x000000000000541b      0x7a6 ./Drivers/STM32F1xx_HAL_Driver/Src/stm32f1xx_hal_crc.o
 .debug_line    0x0000000000005bc1      0xc28 ./Drivers/STM32F1xx_HAL_Driver/Src/stm32f1xx_hal_flash.o
 .debug_line    0x00000000000067e9      0xad7 ./Drivers/STM32F1xx_HAL_Driver/Src/stm32f1xx_hal_flash_ex.o
 .debug_line    0x00000000000072c0      0x9a4 ./Drivers/STM32F1xx_HAL_Driver/Src/stm32f1xx_hal_gpio.o
 .debug_line    0x0000000000007c64      0xd17 ./Drivers/STM32F1xx_HAL_Driver/Src/stm32f1xx_hal_rcc.o
 .debug_line    0x000000000000897b     0x283c ./Drivers/STM32F1xx_HAL_Driver/Src/stm32f1xx_hal_uart.o

.debug_str      0x0000000000000000    0x831fa
 .debug_str     0x0000000000000000    0x812d8 ./Core/Src/bootloader.o
                                      0x81734 (size before relaxing)
 .debug_str     0x00000000000812d8       0xab ./Core/Src/crc.o
                                      0x7ca7e (size before relaxing)
 .debug_str     0x0000000000081383       0xb9 ./Core/Src/gpio.o
                                      0x7c995 (size before relaxing)
 .debug_str     0x000000000008143c      0x1b6 ./Core/Src/main.o
                                      0x81306 (size before relaxing)
 .debug_str     0x00000000000815f2       0x2c ./Core/Src/stm32f1xx_hal_msp.o
                                      0x7c8ef (size before relaxing)
 .debug_str     0x000000000008161e       0xc9 ./Core/Src/stm32f1xx_it.o
                                      0x7c932 (size before relaxing)
 .debug_str     0x00000000000816e7       0x7e ./Core/Src/system_stm32f1xx.o
                                      0x7c948 (size before relaxing)
 .debug_str     0x0000000000081765       0x68 ./Core/Src/usart.o
                                      0x7cdf8 (size before relaxing)
 .debug_str     0x00000000000817cd       0x36 ./Core/Startup/startup_stm32f103c8tx.o
                                         0x50 (size before relaxing)
 .debug_str     0x0000000000081803      0x5fb ./Drivers/STM32F1xx_HAL_Driver/Src/stm32f1xx_hal.o
                                      0x7d07b (size before relaxing)
 .debug_str     0x0000000000081dfe      0x2bb ./Drivers/STM32F1xx_HAL_Driver/Src/stm32f1xx_hal_cortex.o
                                      0x7cfc7 (size before relaxing)
 .debug_str     0x00000000000820b9       0x8a ./Drivers/STM32F1xx_HAL_Driver/Src/stm32f1xx_hal_crc.o
                                      0x7ca8a (size before relaxing)
 .debug_str     0x0000000000082143      0x253 ./Drivers/STM32F1xx_HAL_Driver/Src/stm32f1xx_hal_flash.o
                                      0x81011 (size before relaxing)
 .debug_str     0x0000000000082396      0x2ff ./Drivers/STM32F1xx_HAL_Driver/Src/stm32f1xx_hal_flash_ex.o
                                      0x7cdd1 (size before relaxing)
 .debug_str     0x0000000000082695      0x305 ./Drivers/STM32F1xx_HAL_Driver/Src/stm32f1xx_hal_gpio.o
                                      0x7ccce (size before relaxing)
 .debug_str     0x000000000008299a      0x21a ./Drivers/STM32F1xx_HAL_Driver/Src/stm32f1xx_hal_rcc.o
                                      0x7cd77 (size before relaxing)
 .debug_str     0x0000000000082bb4      0x646 ./Drivers/STM32F1xx_HAL_Driver/Src/stm32f1xx_hal_uart.o
                                      0x7d3e8 (size before relaxing)

.comment        0x0000000000000000       0x50
 .comment       0x0000000000000000       0x50 ./Core/Src/bootloader.o
                                         0x51 (size before relaxing)
 .comment       0x0000000000000050       0x51 ./Core/Src/crc.o
 .comment       0x0000000000000050       0x51 ./Core/Src/gpio.o
 .comment       0x0000000000000050       0x51 ./Core/Src/main.o
 .comment       0x0000000000000050       0x51 ./Core/Src/stm32f1xx_hal_msp.o
 .comment       0x0000000000000050       0x51 ./Core/Src/stm32f1xx_it.o
 .comment       0x0000000000000050       0x51 ./Core/Src/system_stm32f1xx.o
 .comment       0x0000000000000050       0x51 ./Core/Src/usart.o
 .comment       0x0000000000000050       0x51 ./Drivers/STM32F1xx_HAL_Driver/Src/stm32f1xx_hal.o
 .comment       0x0000000000000050       0x51 ./Drivers/STM32F1xx_HAL_Driver/Src/stm32f1xx_hal_cortex.o
 .comment       0x0000000000000050       0x51 ./Drivers/STM32F1xx_HAL_Driver/Src/stm32f1xx_hal_crc.o
 .comment       0x0000000000000050       0x51 ./Drivers/STM32F1xx_HAL_Driver/Src/stm32f1xx_hal_flash.o
 .comment       0x0000000000000050       0x51 ./Drivers/STM32F1xx_HAL_Driver/Src/stm32f1xx_hal_flash_ex.o
 .comment       0x0000000000000050       0x51 ./Drivers/STM32F1xx_HAL_Driver/Src/stm32f1xx_hal_gpio.o
 .comment       0x0000000000000050       0x51 ./Drivers/STM32F1xx_HAL_Driver/Src/stm32f1xx_hal_rcc.o
 .comment       0x0000000000000050       0x51 ./Drivers/STM32F1xx_HAL_Driver/Src/stm32f1xx_hal_uart.o

.debug_frame    0x0000000000000000     0x2098
 .debug_frame   0x0000000000000000      0x360 ./Core/Src/bootloader.o
 .debug_frame   0x0000000000000360       0x7c ./Core/Src/crc.o
 .debug_frame   0x00000000000003dc       0x34 ./Core/Src/gpio.o
 .debug_frame   0x0000000000000410       0x90 ./Core/Src/main.o
 .debug_frame   0x00000000000004a0       0x38 ./Core/Src/stm32f1xx_hal_msp.o
 .debug_frame   0x00000000000004d8      0x104 ./Core/Src/stm32f1xx_it.o
 .debug_frame   0x00000000000005dc       0x58 ./Core/Src/system_stm32f1xx.o
 .debug_frame   0x0000000000000634       0x90 ./Core/Src/usart.o
 .debug_frame   0x00000000000006c4      0x334 ./Drivers/STM32F1xx_HAL_Driver/Src/stm32f1xx_hal.o
 .debug_frame   0x00000000000009f8      0x428 ./Drivers/STM32F1xx_HAL_Driver/Src/stm32f1xx_hal_cortex.o
 .debug_frame   0x0000000000000e20      0x120 ./Drivers/STM32F1xx_HAL_Driver/Src/stm32f1xx_hal_crc.o
 .debug_frame   0x0000000000000f40      0x20c ./Drivers/STM32F1xx_HAL_Driver/Src/stm32f1xx_hal_flash.o
 .debug_frame   0x000000000000114c      0x258 ./Drivers/STM32F1xx_HAL_Driver/Src/stm32f1xx_hal_flash_ex.o
 .debug_frame   0x00000000000013a4      0x14c ./Drivers/STM32F1xx_HAL_Driver/Src/stm32f1xx_hal_gpio.o
 .debug_frame   0x00000000000014f0      0x218 ./Drivers/STM32F1xx_HAL_Driver/Src/stm32f1xx_hal_rcc.o
 .debug_frame   0x0000000000001708      0x944 ./Drivers/STM32F1xx_HAL_Driver/Src/stm32f1xx_hal_uart.o
 .debug_frame   0x000000000000204c       0x2c c:/st/stm32cubeide_1.12.0/stm32cubeide/plugins/com.st.stm32cube.ide.mcu.externaltools.gnu-tools-for-stm32.10.3-2021.10.win32_1.0.200.202301161003/tools/bin/../lib/gcc/arm-none-eabi/10.3.1/../../../../arm-none-eabi/lib/thumb/v7-m/nofp\libc_nano.a(lib_a-init.o)
 .debug_frame   0x0000000000002078       0x20 c:/st/stm32cubeide_1.12.0/stm32cubeide/plugins/com.st.stm32cube.ide.mcu.externaltools.gnu-tools-for-stm32.10.3-2021.10.win32_1.0.200.202301161003/tools/bin/../lib/gcc/arm-none-eabi/10.3.1/../../../../arm-none-eabi/lib/thumb/v7-m/nofp\libc_nano.a(lib_a-memset.o)
